<html>
<body>
<pre>
<h1>µVision Build Log</h1>
<h2>Tool Versions:</h2>
IDE-Version: ¦ÌVision V5.36.0.0
Copyright (C) 2021 ARM Ltd and ARM Germany GmbH. All rights reserved.
License Information: A AA, A, LIC=AK1BF-6FVAC-68EFC-7B1ZE-NU0XA-S04D3
 
Tool Versions:
Toolchain:       MDK-ARM Professional  Version: 5.36.0.0
Toolchain Path:  C:\Keil_v5\ARM\ARMCC\Bin
C Compiler:      Armcc.exe V5.06 update 7 (build 960)
Assembler:       Armasm.exe V5.06 update 7 (build 960)
Linker/Locator:  ArmLink.exe V5.06 update 7 (build 960)
Library Manager: ArmAr.exe V5.06 update 7 (build 960)
Hex Converter:   FromElf.exe V5.06 update 7 (build 960)
CPU DLL:         SARMCM3.DLL V5.36.0.0
Dialog DLL:      DCM.DLL V1.17.3.0
Target DLL:      STLink\ST-LINKIII-KEIL_SWO.dll V3.0.9.0
Dialog DLL:      TCM.DLL V1.53.0.0
 
<h2>Project:</h2>
D:\Cubemx_Project\05_LCD_touch_lvgl_squarline\MDK-ARM\LCD_TEST.uvprojx
Project File Date:  04/13/2026

<h2>Output:</h2>
*** Using Compiler 'V5.06 update 7 (build 960)', folder: 'C:\Keil_v5\ARM\ARMCC\Bin'
Build target 'LCD_TEST'
assembling startup_stm32f103xe.s...
compiling stm32f1xx_hal.c...
compiling tim.c...
compiling stm32f1xx_hal_msp.c...
compiling spi.c...
compiling stm32f1xx_hal_cortex.c...
compiling gpio.c...
compiling stm32f1xx_hal_gpio_ex.c...
compiling stm32f1xx_hal_spi.c...
compiling stm32f1xx_hal_rcc_ex.c...
compiling stm32f1xx_it.c...
compiling stm32f1xx_hal_gpio.c...
compiling stm32f1xx_hal_rcc.c...
compiling stm32f1xx_hal_pwr.c...
compiling lv_disp.c...
compiling stm32f1xx_hal_dma.c...
compiling lv_group.c...
compiling lv_event.c...
..\midware\lvgl\src\core\lv_event.c(117): warning:  #188-D: enumerated type mixed with another type
      return e->code & ~LV_EVENT_PREPROCESS;
..\midware\lvgl\src\core\lv_event.c: 1 warning, 0 errors
compiling stm32f1xx_hal_flash.c...
compiling lv_indev.c...
compiling stm32f1xx_hal_flash_ex.c...
compiling lv_indev_scroll.c...
compiling lv_obj_class.c...
compiling lv_obj.c...
compiling stm32f1xx_hal_exti.c...
compiling lv_obj_draw.c...
..\midware\lvgl\src\core\lv_obj_draw.c(392): warning:  #188-D: enumerated type mixed with another type
      if(obj->spec_attr) return obj->spec_attr->layer_type;
..\midware\lvgl\src\core\lv_obj_draw.c: 1 warning, 0 errors
compiling lv_obj_pos.c...
compiling lv_obj_style.c...
compiling lv_obj_scroll.c...
compiling lv_obj_style_gen.c...
compiling lv_obj_tree.c...
compiling main.c...
../Core/Src/main.c(81): warning:  #177-D: variable "i"  was declared but never referenced
  	u8 i,j;
../Core/Src/main.c(81): warning:  #177-D: variable "j"  was declared but never referenced
  	u8 i,j;
../Core/Src/main.c(82): warning:  #177-D: variable "t"  was declared but never referenced
  	float t=0;
../Core/Src/main.c(83): warning:  #177-D: variable "lastpos"  was declared but never referenced
   	u16 lastpos[2];//ï¿½ï¿½ï¿½Ò»ï¿½Îµï¿½ï¿½ï¿½ï¿½ï¿?
../Core/Src/main.c: 4 warnings, 0 errors
compiling lv_theme.c...
compiling lv_draw.c...
compiling system_stm32f1xx.c...
compiling lv_refr.c...
compiling lv_draw_arc.c...
compiling lv_draw_img.c...
compiling lv_draw_label.c...
compiling lv_draw_layer.c...
compiling lv_draw_line.c...
compiling lv_draw_transform.c...
compiling lv_draw_rect.c...
compiling lv_draw_triangle.c...
compiling lv_img_cache.c...
compiling lv_img_buf.c...
compiling lv_draw_sw.c...
compiling lcd_init.c...
..\BSP\LCD\lcd_init.c(28): warning:  #188-D: enumerated type mixed with another type
  	LCD_CS_Clr();
..\BSP\LCD\lcd_init.c(30): warning:  #188-D: enumerated type mixed with another type
  	LCD_CS_Set();
..\BSP\LCD\lcd_init.c(53): warning:  #188-D: enumerated type mixed with another type
  		LCD_CS_Clr();
..\BSP\LCD\lcd_init.c(55): warning:  #188-D: enumerated type mixed with another type
  		LCD_CS_Set();
..\BSP\LCD\lcd_init.c(68): warning:  #188-D: enumerated type mixed with another type
  	LCD_DC_Clr();//Ð´ÃüÁî
..\BSP\LCD\lcd_init.c(70): warning:  #188-D: enumerated type mixed with another type
  	LCD_DC_Set();//Ð´Êý¾Ý
..\BSP\LCD\lcd_init.c(96): warning:  #188-D: enumerated type mixed with another type
  	LCD_RES_Clr();//¸´Î»
..\BSP\LCD\lcd_init.c(98): warning:  #188-D: enumerated type mixed with another type
  	LCD_RES_Set();
..\BSP\LCD\lcd_init.c(101): warning:  #188-D: enumerated type mixed with another type
  	LCD_BLK_Set();//´ò¿ª±³¹â
..\BSP\LCD\lcd_init.c: 9 warnings, 0 errors
compiling lv_img_decoder.c...
compiling lv_draw_mask.c...
compiling lv_draw_sw_dither.c...
compiling lv_draw_sw_arc.c...
compiling lv_draw_sw_layer.c...
compiling lv_draw_sw_gradient.c...
compiling lv_draw_sw_blend.c...
compiling lv_draw_sw_img.c...
compiling stm32f1xx_hal_tim_ex.c...
compiling lv_draw_sw_letter.c...
compiling lv_draw_sw_polygon.c...
compiling lv_draw_sdl.c...
compiling lv_gpu_stm32_dma2d.c...
compiling lv_draw_sw_line.c...
compiling lv_draw_sdl_arc.c...
compiling lv_draw_sdl_bg.c...
compiling lv_draw_sw_transform.c...
compiling lv_draw_sdl_composite.c...
compiling lv_draw_sdl_img.c...
compiling stm32f1xx_hal_tim.c...
compiling lv_draw_sdl_label.c...
compiling lv_draw_sdl_layer.c...
compiling lv_draw_sdl_line.c...
compiling lv_draw_sdl_mask.c...
compiling lv_draw_sdl_polygon.c...
compiling lv_port_disp_template.c...
..\midware\lvgl\examples\porting\lv_port_disp_template.c(20): warning:  #1215-D: #warning directive: Please define or replace the macro MY_DISP_HOR_RES with the actual screen width, default value 320 is used for now.
      #warning Please define or replace the macro MY_DISP_HOR_RES with the actual screen width, default value 320 is used for now.
..\midware\lvgl\examples\porting\lv_port_disp_template.c(25): warning:  #1215-D: #warning directive: Please define or replace the macro MY_DISP_HOR_RES with the actual screen height, default value 240 is used for now.
      #warning Please define or replace the macro MY_DISP_HOR_RES with the actual screen height, default value 240 is used for now.
..\midware\lvgl\examples\porting\lv_port_disp_template.c: 2 warnings, 0 errors
compiling lv_port_indev_template.c...
..\midware\lvgl\examples\porting\lv_port_indev_template.c(40): warning:  #177-D: variable "encoder_diff"  was declared but never referenced
  static int32_t encoder_diff;
..\midware\lvgl\examples\porting\lv_port_indev_template.c(41): warning:  #177-D: variable "encoder_state"  was declared but never referenced
  static lv_indev_state_t encoder_state;
..\midware\lvgl\examples\porting\lv_port_indev_template.c: 2 warnings, 0 errors
compiling lv_draw_sw_rect.c...
..\midware\lvgl\src\draw\sw\lv_draw_sw_rect.c(234): warning:  #546-D: transfer of control bypasses initialization of:
            variable "mask_any_center"  (declared at line 280)
          goto bg_clean_up;
          ^
..\midware\lvgl\src\draw\sw\lv_draw_sw_rect.c: 1 warning, 0 errors
compiling lv_draw_sdl_rect.c...
compiling lv_draw_sdl_stack_blur.c...
compiling lv_draw_sdl_texture_cache.c...
compiling lv_draw_sdl_utils.c...
compiling lcd.c...
..\BSP\LCD\lcd.c(22): warning:  #188-D: enumerated type mixed with another type
  		LCD_CS_Clr();
..\BSP\LCD\lcd.c(37): warning:  #188-D: enumerated type mixed with another type
      LCD_CS_Set();
..\BSP\LCD\lcd.c(46): warning:  #188-D: enumerated type mixed with another type
  	LCD_CS_Clr();
..\BSP\LCD\lcd.c(76): warning:  #188-D: enumerated type mixed with another type
  	LCD_CS_Set();
..\BSP\LCD\lcd.c(42): warning:  #550-D: variable "color1"  was set but never used
  	u16 color1[1],t=1;
..\BSP\LCD\lcd.c(92): warning:  #188-D: enumerated type mixed with another type
  	LCD_CS_Clr();
..\BSP\LCD\lcd.c(95): warning:  #188-D: enumerated type mixed with another type
  	LCD_CS_Set();
..\BSP\LCD\lcd.c(231): warning:  #188-D: enumerated type mixed with another type
  	LCD_CS_Clr();
..\BSP\LCD\lcd.c(263): warning:  #188-D: enumerated type mixed with another type
  	LCD_CS_Set();
..\BSP\LCD\lcd.c(287): warning:  #188-D: enumerated type mixed with another type
  	LCD_CS_Clr();
..\BSP\LCD\lcd.c(318): warning:  #188-D: enumerated type mixed with another type
  	LCD_CS_Set();
..\BSP\LCD\lcd.c(341): warning:  #188-D: enumerated type mixed with another type
  	LCD_CS_Clr();
..\BSP\LCD\lcd.c(372): warning:  #188-D: enumerated type mixed with another type
  	LCD_CS_Set();
..\BSP\LCD\lcd.c(394): warning:  #188-D: enumerated type mixed with another type
  	LCD_CS_Clr();
..\BSP\LCD\lcd.c(423): warning:  #188-D: enumerated type mixed with another type
  	LCD_CS_Set();
..\BSP\LCD\lcd.c(535): warning:  #188-D: enumerated type mixed with another type
  	LCD_CS_Clr();
..\BSP\LCD\lcd.c(564): warning:  #188-D: enumerated type mixed with another type
  	LCD_CS_Set();
..\BSP\LCD\lcd.c: 17 warnings, 0 errors
compiling touch.c...
..\BSP\TOUCH\touch.c(51): warning:  #188-D: enumerated type mixed with another type
  	LCD_CS2_Clr();
..\BSP\TOUCH\touch.c(67): warning:  #188-D: enumerated type mixed with another type
  	LCD_CS2_Set();
..\BSP\TOUCH\touch.c: 2 warnings, 0 errors
compiling lv_flex.c...
compiling lv_bmp.c...
compiling lv_ffmpeg.c...
compiling lv_grid.c...
..\midware\lvgl\src\extra\layouts\grid\lv_grid.c(583): warning:  #188-D: enumerated type mixed with another type
      lv_grid_align_t col_align = get_cell_col_align(item);
..\midware\lvgl\src\extra\layouts\grid\lv_grid.c(584): warning:  #188-D: enumerated type mixed with another type
      lv_grid_align_t row_align = get_cell_row_align(item);
..\midware\lvgl\src\extra\layouts\grid\lv_grid.c: 2 warnings, 0 errors
compiling lv_freetype.c...
compiling lv_fs_fatfs.c...
compiling lv_fs_littlefs.c...
compiling lv_fs_posix.c...
compiling gifdec.c...
compiling lv_fs_stdio.c...
compiling lv_fs_win32.c...
compiling lv_gif.c...
compiling lodepng.c...
compiling lv_png.c...
compiling lv_qrcode.c...
compiling lv_rlottie.c...
compiling tjpgd.c...
compiling lv_fragment.c...
compiling lv_sjpg.c...
compiling lv_fragment_manager.c...
compiling qrcodegen.c...
..\midware\lvgl\src\extra\libs\qrcode\qrcodegen.c(278): warning:  #188-D: enumerated type mixed with another type
  	applyMask(tempBuffer, qrcode, mask);
..\midware\lvgl\src\extra\libs\qrcode\qrcodegen.c(279): warning:  #188-D: enumerated type mixed with another type
  	drawFormatBits(ecl, mask, qrcode);
..\midware\lvgl\src\extra\libs\qrcode\qrcodegen.c(620): warning:  #111-D: statement is unreachable
  				default:  LV_ASSERT(false);  return;
..\midware\lvgl\src\extra\libs\qrcode\qrcodegen.c(853): warning:  #111-D: statement is unreachable
  		return -1;
..\midware\lvgl\src\extra\libs\qrcode\qrcodegen.c(1008): warning:  #111-D: statement is unreachable
  		default:  LV_ASSERT(false);  return -1;  // Dummy value
..\midware\lvgl\src\extra\libs\qrcode\qrcodegen.c: 5 warnings, 0 errors
compiling lv_gridnav.c...
compiling lv_tiny_ttf.c...
compiling lv_ime_pinyin.c...
compiling lv_msg.c...
compiling lv_imgfont.c...
compiling lv_snapshot.c...
compiling lv_monkey.c...
compiling lv_theme_basic.c...
compiling lv_calendar_header_arrow.c...
compiling lv_animimg.c...
compiling lv_calendar_header_dropdown.c...
compiling lv_theme_mono.c...
compiling lv_calendar.c...
compiling lv_list.c...
compiling lv_keyboard.c...
compiling lv_theme_default.c...
..\midware\lvgl\src\extra\themes\default\lv_theme_default.c(211): warning:  #188-D: enumerated type mixed with another type
..\midware\lvgl\src\extra\themes\default\lv_theme_default.c: 1 warning, 0 errors
compiling lv_led.c...
compiling lv_imgbtn.c...
compiling lv_colorwheel.c...
compiling lv_menu.c...
compiling lv_msgbox.c...
compiling lv_spinner.c...
compiling lv_font.c...
compiling lv_tileview.c...
compiling lv_spinbox.c...
compiling lv_meter.c...
compiling lv_win.c...
compiling lv_extra.c...
compiling lv_tabview.c...
compiling lv_chart.c...
compiling lv_font_fmt_txt.c...
..\midware\lvgl\src\font\lv_font_fmt_txt.c(137): warning:  #111-D: statement is unreachable
      return NULL;
..\midware\lvgl\src\font\lv_font_fmt_txt.c: 1 warning, 0 errors
compiling lv_span.c...
..\midware\lvgl\src\extra\widgets\span\lv_span.c(901): warning:  #546-D: transfer of control bypasses initialization of:
            variable "align"  (declared at line 905)
              goto Next_line_init;
              ^
..\midware\lvgl\src\extra\widgets\span\lv_span.c: 1 warning, 0 errors
compiling lv_font_dejavu_16_persian_hebrew.c...
compiling lv_font_montserrat_8.c...
compiling lv_font_montserrat_10.c...
compiling lv_font_loader.c...
compiling lv_font_montserrat_12.c...
compiling lv_font_montserrat_12_subpx.c...
compiling lv_font_montserrat_14.c...
compiling lv_font_montserrat_16.c...
compiling lv_font_montserrat_18.c...
compiling lv_font_montserrat_20.c...
compiling lv_font_montserrat_22.c...
compiling lv_font_montserrat_24.c...
compiling lv_font_montserrat_26.c...
compiling lv_font_montserrat_28.c...
compiling lv_font_montserrat_28_compressed.c...
compiling lv_font_montserrat_30.c...
compiling lv_font_montserrat_32.c...
compiling lv_font_montserrat_34.c...
compiling lv_font_montserrat_36.c...
compiling lv_font_montserrat_38.c...
compiling lv_font_montserrat_40.c...
compiling lv_font_montserrat_42.c...
compiling lv_font_montserrat_44.c...
compiling lv_font_montserrat_46.c...
compiling lv_font_montserrat_48.c...
compiling lv_hal_tick.c...
compiling lv_font_simsun_16_cjk.c...
compiling lv_font_unscii_8.c...
compiling lv_font_unscii_16.c...
compiling lv_hal_indev.c...
compiling lv_anim_timeline.c...
compiling lv_hal_disp.c...
..\midware\lvgl\src\hal\lv_hal_disp.c(582): warning:  #188-D: enumerated type mixed with another type
      return disp->driver->rotated;
..\midware\lvgl\src\hal\lv_hal_disp.c: 1 warning, 0 errors
compiling lv_async.c...
compiling lv_anim.c...
compiling lv_area.c...
compiling lv_bidi.c...
compiling lv_gc.c...
compiling lv_color.c...
compiling lv_ll.c...
compiling lv_log.c...
compiling lv_fs.c...
compiling lv_math.c...
compiling lv_lru.c...
..\midware\lvgl\src\misc\lv_lru.c(238): warning:  #68-D: integer conversion resulted in a change of sign
      uint32_t i = 0, min_index = -1;
..\midware\lvgl\src\misc\lv_lru.c(239): warning:  #68-D: integer conversion resulted in a change of sign
      uint64_t min_access_count = -1;
..\midware\lvgl\src\misc\lv_lru.c: 2 warnings, 0 errors
compiling lv_mem.c...
..\midware\lvgl\src\misc\lv_mem.c(324): warning:  #111-D: statement is unreachable
      return NULL;
..\midware\lvgl\src\misc\lv_mem.c: 1 warning, 0 errors
compiling lv_templ.c...
compiling lv_printf.c...
compiling lv_style.c...
..\midware\lvgl\src\misc\lv_style.c(214): warning:  #188-D: enumerated type mixed with another type
      return last_custom_prop_id;
..\midware\lvgl\src\misc\lv_style.c(219): warning:  #188-D: enumerated type mixed with another type
      return last_custom_prop_id - _LV_STYLE_LAST_BUILT_IN_PROP;
..\midware\lvgl\src\misc\lv_style.c(290): warning:  #188-D: enumerated type mixed with another type
      lv_style_set_prop_internal(style, prop | meta, null_style_value, lv_style_set_prop_meta_helper);
..\midware\lvgl\src\misc\lv_style.c: 3 warnings, 0 errors
compiling lv_timer.c...
compiling lv_style_gen.c...
compiling lv_utils.c...
compiling lv_txt_ap.c...
compiling lv_tlsf.c...
..\midware\lvgl\src\misc\lv_tlsf.c(897): warning:  #68-D: integer conversion resulted in a change of sign
          offset_to_block(pool, -(int)block_header_overhead);
..\midware\lvgl\src\misc\lv_tlsf.c(999): warning:  #68-D: integer conversion resulted in a change of sign
      block = offset_to_block(mem, -(tlsfptr_t)block_header_overhead);
..\midware\lvgl\src\misc\lv_tlsf.c(1017): warning:  #68-D: integer conversion resulted in a change of sign
      block_header_t * block = offset_to_block(pool, -(int)block_header_overhead);
..\midware\lvgl\src\misc\lv_tlsf.c: 3 warnings, 0 errors
compiling lv_txt.c...
compiling lv_btn.c...
compiling lv_bar.c...
compiling lv_arc.c...
compiling lv_checkbox.c...
compiling lv_objx_templ.c...
compiling lv_btnmatrix.c...
compiling lv_canvas.c...
compiling lv_img.c...
compiling lv_line.c...
compiling lv_dropdown.c...
compiling lv_roller.c...
compiling lv_slider.c...
compiling lv_label.c...
compiling lv_switch.c...
compiling img_clothes.c...
compiling img_lvgl_logo.c...
compiling lv_demo_stress.c...
..\midware\demos\stress\lv_demo_stress.c(80): warning:  #546-D: transfer of control bypasses initialization of:
            variable "scale"  (declared at line 255)
      switch(state) {
      ^
..\midware\demos\stress\lv_demo_stress.c: 1 warning, 0 errors
compiling img_demo_widgets_avatar.c...
compiling lv_textarea.c...
compiling lv_table.c...
compiling ui_Screen1.c...
compiling ui.c...
compiling ui_helpers.c...
..\midware\ui\ui_helpers.c(76): warning:  #188-D: enumerated type mixed with another type
      lv_bar_set_value(target, old + val, anm);
..\midware\ui\ui_helpers.c(82): warning:  #188-D: enumerated type mixed with another type
      lv_slider_set_value(target, old + val, anm);
..\midware\ui\ui_helpers.c(130): warning:  #144-D: a value of type "void *" cannot be used to initialize an entity of type "screen_destroy_cb_t"
      screen_destroy_cb_t destroy_cb = lv_event_get_user_data(e);
..\midware\ui\ui_helpers.c: 3 warnings, 0 errors
compiling lv_demo_widgets.c...
..\midware\demos\widgets\lv_demo_widgets.c(1093): warning:  #188-D: enumerated type mixed with another type
          lv_palette_t palette_secondary = (*palette_primary) + 3; /*Use another palette as secondary*/
..\midware\demos\widgets\lv_demo_widgets.c(1094): warning:  #188-D: enumerated type mixed with another type
          if(palette_secondary >= _LV_PALETTE_LAST) palette_secondary = 0;
..\midware\demos\widgets\lv_demo_widgets.c: 2 warnings, 0 errors
compiling ui_events.c...
linking...
Program Size: Code=161618 RO-data=27242 RW-data=612 ZI-data=53356  
FromELF: creating hex file...
After Build - User command #1: D:\Cubemx_Project\05_LCD_touch_lvgl_squarline\Keil5_disp_size_bar.exe
[Keil5_disp_size_bar V0.4]: find project satrt!
[Keil5_disp_size_bar V0.4]: Found file: .//LCD_TEST.uvprojx
[Keil5_disp_size_bar V0.4]: Found file: .//LCD_TEST.uvprojx
[Keil5_disp_size_bar V0.4]: find map file start
[Keil5_disp_size_bar V0.4]: Found file: .//LCD_TEST/LCD_TEST.map
[Keil5_disp_size_bar V0.4]: map file read end
ram:
   64 KB   ram1:|¡ö¡ö¡ö¡ö¡ö¡ö¡ö¡ö¡ö¡ö¡ö¡ö¡ö¡ö¡ö¡ö____| 82.35 % (   52.70 KB /    64.00 KB) [11568 B]
flash:
  512 KB flash1:|¡ö¡ö¡ö¡ö¡ö¡ö¡ö_____________| 36.02 % (  184.43 KB /   512.00 KB) [335428 B]
 
"LCD_TEST\LCD_TEST.axf" - 0 Error(s), 65 Warning(s).

<h2>Software Packages used:</h2>

Package Vendor: ARM
                http://www.keil.com/pack/ARM.CMSIS.5.8.0.pack
                ARM.CMSIS.5.8.0
                CMSIS (Common Microcontroller Software Interface Standard)
   * Component: CORE Version: 5.5.0

Package Vendor: Keil
                https://www.keil.com/pack/Keil.STM32F1xx_DFP.2.4.1.pack
                Keil.STM32F1xx_DFP.2.4.1
                STMicroelectronics STM32F1 Series Device Support, Drivers and Examples

<h2>Collection of Component include folders:</h2>
  .\RTE\_LCD_TEST
  C:\Users\Dream\AppData\Local\Arm\Packs\ARM\CMSIS\5.8.0\CMSIS\Core\Include
  C:\Users\Dream\AppData\Local\Arm\Packs\Keil\STM32F1xx_DFP\2.4.1\Device\Include

<h2>Collection of Component Files used:</h2>

   * Component: ARM::CMSIS:CORE:5.5.0
      Include file:  CMSIS\Core\Include\tz_context.h
Build Time Elapsed:  00:00:13
</pre>
</body>
</html>
